// Jest Snapshot v1, https://goo.gl/fbAQLP

exports[`App it renders without crashing 1`] = `
<nav>
  <a
    aria-current="page"
    class="active"
    href="/"
  >
    Home
  </a>
  <a
    href="/people"
  >
    People
  </a>
  <a
    href="/planets"
  >
    Planets
  </a>
  <a
    href="/species"
  >
    Species
  </a>
  <a
    href="/ships"
  >
    Ships
  </a>
  <a
    href="/vehicles"
  >
    Vehicles
  </a>
  <a
    href="/films"
  >
    Films
  </a>
</nav>
`;
